
Map of Debug\powermonitor.sm8 from link file Debug\powermonitor.lkf - Sat Aug 26 15:15:39 2017


                               --------
                               Segments
                               --------

start 00008080 end 00008177 length   247 segment .const
start 0000818f end 00009aeb length  6492 segment .text
start 00001000 end 00001000 length     0 segment .eeprom
start 00000000 end 0000000a length    10 segment .bsct, initialized
start 00008184 end 0000818e length    10 segment .bsct, from
start 0000000a end 0000005e length    84 segment .ubsct
start 00005e:0 end 00005e:2 length     2 segment .bit, initialized
start 0000818e end 0000818f length     1 segment .bit, from
start 0000005f end 0000005f length     0 segment .share
start 00000100 end 00000100 length     0 segment .data
start 00000100 end 00000100 length     0 segment .bss
start 00000000 end 00000e8a length  3722 segment .info.
start 00000000 end 0000c3a8 length 50088 segment .debug
start 00008000 end 00008080 length   128 segment .const
start 00008177 end 00008184 length    13 segment .init


                               -------
                               Modules
                               -------

C:\Program Files (x86)\COSMIC\CXSTM8_EVAL\Lib\crtsi0.sm8:
start 0000818f end 000081da length    75 section .text
start 00000100 end 00000100 length     0 section .bss
start 0000000a end 0000000a length     0 section .ubsct
start 00000000 end 00000030 length    48 section .info.

Debug\adc.o:
start 000081da end 00008274 length   154 section .text
start 00000000 end 0000000a length    10 section .bsct
start 00000000 end 000025a6 length  9638 section .debug
start 00000030 end 0000009c length   108 section .info.

Debug\calcvi.o:
start 00008274 end 000084c5 length   593 section .text
start 0000000a end 00000054 length    74 section .ubsct
start 000025a6 end 00004f37 length 10641 section .debug
start 0000009c end 0000010b length   111 section .info.
start 00008080 end 0000809e length    30 section .const
start 00005e:0 end 00005e:2 length     2 section .bit

Debug\main.o:
start 000084c5 end 0000856d length   168 section .text
start 00004f37 end 000074b6 length  9599 section .debug
start 0000010b end 00000178 length   109 section .info.
start 0000809e end 000080dc length    62 section .const

Debug\rtc.o:
start 0000856d end 000085b4 length    71 section .text
start 000074b6 end 000099b0 length  9466 section .debug
start 00000178 end 000001e4 length   108 section .info.

Debug\uart.o:
start 000085b4 end 0000872e length   378 section .text
start 000099b0 end 0000c23d length 10381 section .debug
start 000001e4 end 00000251 length   109 section .info.
start 000080dc end 000080e3 length     7 section .const

(C:\Program Files (x86)\COSMIC\CXSTM8_EVAL\Lib\libfs0.sm8)sprnt.o:
start 0000872e end 00008742 length    20 section .text
start 00000251 end 000002c5 length   116 section .info.

(C:\Program Files (x86)\COSMIC\CXSTM8_EVAL\Lib\libfs0.sm8)cprint.o:
start 00008742 end 00008d13 length  1489 section .text
start 000002c5 end 0000033a length   117 section .info.
start 000080e3 end 0000811c length    57 section .const

(C:\Program Files (x86)\COSMIC\CXSTM8_EVAL\Lib\libfs0.sm8)dtoe.o:
start 00008d13 end 00008e55 length   322 section .text
start 0000033a end 000003ad length   115 section .info.

(C:\Program Files (x86)\COSMIC\CXSTM8_EVAL\Lib\libfs0.sm8)dtof.o:
start 00008e55 end 00008f45 length   240 section .text
start 000003ad end 00000420 length   115 section .info.

(C:\Program Files (x86)\COSMIC\CXSTM8_EVAL\Lib\libfs0.sm8)dtog.o:
start 00008f45 end 0000902a length   229 section .text
start 00000420 end 00000493 length   115 section .info.

(C:\Program Files (x86)\COSMIC\CXSTM8_EVAL\Lib\libfs0.sm8)cnorm.o:
start 0000902a end 00009190 length   358 section .text
start 00000493 end 00000507 length   116 section .info.
start 0000811c end 00008120 length     4 section .const

(C:\Program Files (x86)\COSMIC\CXSTM8_EVAL\Lib\libfs0.sm8)cfcon.o:
start 00000507 end 0000057b length   116 section .info.
start 00008120 end 00008142 length    34 section .const

(C:\Program Files (x86)\COSMIC\CXSTM8_EVAL\Lib\libfs0.sm8)dtento.o:
start 00009190 end 0000925f length   207 section .text
start 0000057b end 000005f0 length   117 section .info.

(C:\Program Files (x86)\COSMIC\CXSTM8_EVAL\Lib\libfs0.sm8)round.o:
start 0000925f end 000092d7 length   120 section .text
start 000005f0 end 00000664 length   116 section .info.

(C:\Program Files (x86)\COSMIC\CXSTM8_EVAL\Lib\libfs0.sm8)cffun0.o:
start 000092d7 end 00009333 length    92 section .text
start 00000664 end 00000692 length    46 section .info.

(C:\Program Files (x86)\COSMIC\CXSTM8_EVAL\Lib\libfs0.sm8)sqrt.o:
start 00009333 end 0000940c length   217 section .text
start 00000692 end 00000705 length   115 section .info.
start 00008142 end 00008152 length    16 section .const

(C:\Program Files (x86)\COSMIC\CXSTM8_EVAL\Lib\libis0.sm8)itob.o:
start 0000940c end 0000951c length   272 section .text
start 00000705 end 00000778 length   115 section .info.
start 00008152 end 00008177 length    37 section .const

(C:\Program Files (x86)\COSMIC\CXSTM8_EVAL\Lib\libis0.sm8)idiv0.o:
start 0000951c end 00009527 length    11 section .text
start 00000778 end 000007a5 length    45 section .info.

(C:\Program Files (x86)\COSMIC\CXSTM8_EVAL\Lib\libis0.sm8)ildiv0.o:
start 00009527 end 00009542 length    27 section .text
start 000007a5 end 000007d3 length    46 section .info.

(C:\Program Files (x86)\COSMIC\CXSTM8_EVAL\Lib\libis0.sm8)memchr0.o:
start 00009542 end 00009552 length    16 section .text
start 000007d3 end 00000802 length    47 section .info.

(C:\Program Files (x86)\COSMIC\CXSTM8_EVAL\Lib\libis0.sm8)putchr.o:
start 00009552 end 00009559 length     7 section .text
start 00000802 end 00000877 length   117 section .info.

(C:\Program Files (x86)\COSMIC\CXSTM8_EVAL\Lib\libis0.sm8)strlen0.o:
start 00009559 end 00009565 length    12 section .text
start 00000877 end 000008a6 length    47 section .info.

(C:\Program Files (x86)\COSMIC\CXSTM8_EVAL\Lib\libis0.sm8)toup0.o:
start 00009565 end 00009570 length    11 section .text
start 000008a6 end 000008d3 length    45 section .info.

(C:\Program Files (x86)\COSMIC\CXSTM8_EVAL\Lib\libm0.sm8)ldiv.o:
start 00009570 end 0000965b length   235 section .text
start 000008d3 end 00000902 length    47 section .info.

(C:\Program Files (x86)\COSMIC\CXSTM8_EVAL\Lib\libm0.sm8)fadd.o:
start 0000965b end 00009738 length   221 section .text
start 00000902 end 00000931 length    47 section .info.

(C:\Program Files (x86)\COSMIC\CXSTM8_EVAL\Lib\libm0.sm8)fcmp.o:
start 00009738 end 0000976e length    54 section .text
start 00000931 end 00000960 length    47 section .info.

(C:\Program Files (x86)\COSMIC\CXSTM8_EVAL\Lib\libm0.sm8)fdiv.o:
start 0000976e end 000097f2 length   132 section .text
start 00000960 end 0000098f length    47 section .info.

(C:\Program Files (x86)\COSMIC\CXSTM8_EVAL\Lib\libm0.sm8)fgadd.o:
start 000097f2 end 000097fa length     8 section .text
start 0000098f end 000009bf length    48 section .info.

(C:\Program Files (x86)\COSMIC\CXSTM8_EVAL\Lib\libm0.sm8)fgdiv.o:
start 000097fa end 0000981c length    34 section .text
start 000009bf end 000009ef length    48 section .info.

(C:\Program Files (x86)\COSMIC\CXSTM8_EVAL\Lib\libm0.sm8)fgmul.o:
start 0000981c end 00009824 length     8 section .text
start 000009ef end 00000a1f length    48 section .info.

(C:\Program Files (x86)\COSMIC\CXSTM8_EVAL\Lib\libm0.sm8)fgneg.o:
start 00009824 end 0000982f length    11 section .text
start 00000a1f end 00000a4f length    48 section .info.

(C:\Program Files (x86)\COSMIC\CXSTM8_EVAL\Lib\libm0.sm8)fmul.o:
start 0000982f end 00009904 length   213 section .text
start 00000a4f end 00000a7e length    47 section .info.

(C:\Program Files (x86)\COSMIC\CXSTM8_EVAL\Lib\libm0.sm8)ftol.o:
start 00009904 end 00009966 length    98 section .text
start 00000a7e end 00000aad length    47 section .info.

(C:\Program Files (x86)\COSMIC\CXSTM8_EVAL\Lib\libm0.sm8)imul.o:
start 00009966 end 00009987 length    33 section .text
start 00000aad end 00000adc length    47 section .info.

(C:\Program Files (x86)\COSMIC\CXSTM8_EVAL\Lib\libm0.sm8)itof.o:
start 00009987 end 000099b5 length    46 section .text
start 00000adc end 00000b0b length    47 section .info.

(C:\Program Files (x86)\COSMIC\CXSTM8_EVAL\Lib\libm0.sm8)lcmp.o:
start 000099b5 end 000099d5 length    32 section .text
start 00000b0b end 00000b3a length    47 section .info.

(C:\Program Files (x86)\COSMIC\CXSTM8_EVAL\Lib\libm0.sm8)lsdiv.o:
start 000099d5 end 000099f4 length    31 section .text
start 00000b3a end 00000b6a length    48 section .info.

(C:\Program Files (x86)\COSMIC\CXSTM8_EVAL\Lib\libm0.sm8)lgadc.o:
start 000099f4 end 00009a04 length    16 section .text
start 00000b6a end 00000b9a length    48 section .info.

(C:\Program Files (x86)\COSMIC\CXSTM8_EVAL\Lib\libm0.sm8)lgneg.o:
start 00009a04 end 00009a17 length    19 section .text
start 00000b9a end 00000bca length    48 section .info.

(C:\Program Files (x86)\COSMIC\CXSTM8_EVAL\Lib\libm0.sm8)lneg.o:
start 00009a17 end 00009a2c length    21 section .text
start 00000bca end 00000bf9 length    47 section .info.

(C:\Program Files (x86)\COSMIC\CXSTM8_EVAL\Lib\libm0.sm8)lreg.o:
start 00000054 end 00000058 length     4 section .ubsct
start 00000bf9 end 00000c28 length    47 section .info.

(C:\Program Files (x86)\COSMIC\CXSTM8_EVAL\Lib\libm0.sm8)ltor.o:
start 00009a2c end 00009a3e length    18 section .text
start 00000c28 end 00000c57 length    47 section .info.

(C:\Program Files (x86)\COSMIC\CXSTM8_EVAL\Lib\libm0.sm8)lursh.o:
start 00009a3e end 00009a4d length    15 section .text
start 00000c57 end 00000c87 length    48 section .info.

(C:\Program Files (x86)\COSMIC\CXSTM8_EVAL\Lib\libm0.sm8)lzmp.o:
start 00009a4d end 00009a60 length    19 section .text
start 00000c87 end 00000cb6 length    47 section .info.

(C:\Program Files (x86)\COSMIC\CXSTM8_EVAL\Lib\libm0.sm8)rtol.o:
start 00009a60 end 00009a72 length    18 section .text
start 00000cb6 end 00000ce5 length    47 section .info.

(C:\Program Files (x86)\COSMIC\CXSTM8_EVAL\Lib\libm0.sm8)uitof.o:
start 00009a72 end 00009a96 length    36 section .text
start 00000ce5 end 00000d15 length    48 section .info.

(C:\Program Files (x86)\COSMIC\CXSTM8_EVAL\Lib\libm0.sm8)vmul.o:
start 00009a96 end 00009aae length    24 section .text
start 00000d15 end 00000d44 length    47 section .info.

(C:\Program Files (x86)\COSMIC\CXSTM8_EVAL\Lib\libm0.sm8)umul.o:
start 00009aae end 00009aea length    60 section .text
start 00000d44 end 00000d73 length    47 section .info.

(C:\Program Files (x86)\COSMIC\CXSTM8_EVAL\Lib\libm0.sm8)xreg.o:
start 00000058 end 0000005b length     3 section .ubsct
start 00000d73 end 00000da2 length    47 section .info.

(C:\Program Files (x86)\COSMIC\CXSTM8_EVAL\Lib\libm0.sm8)yreg.o:
start 0000005b end 0000005e length     3 section .ubsct
start 00000da2 end 00000dd1 length    47 section .info.

Debug\stm8_interrupt_vector.o:
start 00009aea end 00009aeb length     1 section .text
start 0000c23d end 0000c3a8 length   363 section .debug
start 00000dd1 end 00000e4f length   126 section .info.
start 00008000 end 00008080 length   128 section .const


                             -----------
                             Stack usage
                             -----------

Debug\adc.o:
_ADC_INIT                   2   (2)
_readChannel                4   (4)

Debug\calcvi.o:
_calcVI                    51   (26)
_getIrms                    4   (2)
_getRealPower               4   (2)
_getVrms                    4   (2)

Debug\main.o:
_loop                     197   (6)
_main                  >  199   (2)
_setup                     10   (2)

Debug\rtc.o:
_RTC_INIT                   2   (2)

Debug\stm8_interrupt_vector.o:
f_NonHandledInterrupt  >    6   (6)

Debug\uart.o:
_UART_INIT                  2   (2)
_sendChar                   3   (3)
_sendDouble            >   18   (15)
_sendFloat             >   14   (11)
_sendFloatAsLong       >   21   (10)
_sendFloatAsString        191   (20)
_sendLong                  11   (8)
_sendString                 8   (5)

C:\Program Files (x86:
__addexp                    6   (6)
__poly                 >   11   (11)
__unpack                    4   (4)
__norm                     54   (29)
L11__cvtup                  8   (6)
L31__putbuf                12   (9)
L7__gnum                   19   (16)
__print                   153   (51)
__dtento                   25   (16)
__dtoe                     82   (28)
__dtof                     84   (30)
__dtog                    102   (18)
__round                     7   (7)
_sprintf                  171   (18)
_sqrt                      25   (16)
__udiv                      4   (4)
__uldiv                     6   (6)
__itob                     19   (15)
__ltob                     23   (17)
_memchr                     6   (6)
_putchar                    3   (3)
_strlen                     2   (2)
_toupper                    2   (2)

Stack size: 205


                              ---------
                              Call tree
                              ---------
   1 > __poly: (11)

   2 > __stext: (0)

   3 > _main: (2)
   4      + _loop: (6)
   5      |    + _calcVI: (26)
   6      |    |    + _readChannel: (4)
   7      |    |    + _sqrt: (16)
   8      |    |    |    + __addexp: (6)
   9      |    |    |    + __unpack: (4)
          |    |    | 
          |    | 
  10      |    + _getIrms: (2)
  11      |    + _getRealPower: (2)
  12      |    + _getVrms: (2)
  13      |    + _sendChar: (3)
  14      |    + _sendFloatAsString: (20)
  15      |    |    + _sendChar --> 13
  16      |    |    + _sprintf: (18)
  17      |    |    |    + __print: (51)
  18      |    |    |    |    + L11__cvtup: (6)
  19      |    |    |    |    |    + _toupper: (2)
          |    |    |    |    | 
  20      |    |    |    |    + L31__putbuf: (9)
  21      |    |    |    |    |    + _putchar: (3)
          |    |    |    |    | 
  22      |    |    |    |    + L7__gnum: (16)
  23      |    |    |    |    + __dtoe: (28)
  24      |    |    |    |    |    + __norm: (29)
  25      |    |    |    |    |    |    + __dtento: (16)
  26      |    |    |    |    |    |    + __udiv: (4)
  27      |    |    |    |    |    |    + __unpack --> 9
          |    |    |    |    |    | 
  28      |    |    |    |    |    + __round: (7)
  29      |    |    |    |    |    + __udiv --> 26
          |    |    |    |    | 
  30      |    |    |    |    + __dtof: (30)
  31      |    |    |    |    |    + __norm --> 24
  32      |    |    |    |    |    + __round --> 28
          |    |    |    |    | 
  33      |    |    |    |    + __dtog: (18)
  34      |    |    |    |    |    + __dtoe --> 23
  35      |    |    |    |    |    + __dtof --> 30
  36      |    |    |    |    |    + __norm --> 24
  37      |    |    |    |    |    + _memchr: (6)
          |    |    |    |    | 
  38      |    |    |    |    + __itob: (15)
  39      |    |    |    |    |    + __udiv --> 26
          |    |    |    |    | 
  40      |    |    |    |    + __ltob: (17)
  41      |    |    |    |    |    + __uldiv: (6)
          |    |    |    |    | 
  42      |    |    |    |    + _strlen: (2)
          |    |    |    | 
          |    |    | 
          |    | 
  43      |    + _sendString: (5)
  44      |    |    + _sendChar --> 13
  45      |    |    + _strlen --> 42
          |    | 
          | 
  46      + _setup: (2)
  47      |    + _ADC_INIT: (2)
  48      |    + _RTC_INIT: (2)
  49      |    + _UART_INIT: (2)
  50      |    + _sendString --> 43
          | 
       
  51 > _sendDouble: (15)
  52      + _sendChar --> 13
       
  53 > _sendFloat: (11)
  54      + _sendChar --> 13
       
  55 > _sendFloatAsLong: (10)
  56      + _sendLong: (8)
  57      |    + _sendChar --> 13
          | 
       
  58 > f_NonHandledInterrupt: (6)

  59   L11__cvtup --> 18

  60   L31__putbuf --> 20

  61   L7__gnum --> 22

  62   _ADC_INIT --> 47

  63   _RTC_INIT --> 48

  64   _UART_INIT --> 49

  65   __addexp --> 8

  66   __dtento --> 25

  67   __dtoe --> 23

  68   __dtof --> 30

  69   __dtog --> 33

  70   __itob --> 38

  71   __ltob --> 40

  72   __norm --> 24

  73   __print --> 17

  74   __round --> 28

  75   __udiv --> 26

  76   __uldiv --> 41

  77   __unpack --> 9

  78   _calcVI --> 5

  79   _getIrms --> 10

  80   _getRealPower --> 11

  81   _getVrms --> 12

  82   _loop --> 4

  83   _memchr --> 37

  84   _putchar --> 21

  85   _readChannel --> 6

  86   _sendChar --> 13

  87   _sendFloatAsString --> 14

  88   _sendLong --> 56

  89   _sendString --> 43

  90   _setup --> 46

  91   _sprintf --> 16

  92   _sqrt --> 7

  93   _strlen --> 42

  94   _toupper --> 19



                               -------
                               Symbols
                               -------

_ADC1_CR1               00005340   defined in Debug\adc.o
_ADC1_CR2               00005341   defined in Debug\adc.o
_ADC1_CR3               00005342   defined in Debug\adc.o
_ADC1_DR                00005344   defined in Debug\adc.o
_ADC1_DRH               00005344   defined in Debug\adc.o
_ADC1_DRL               00005345   defined in Debug\adc.o
_ADC1_HTR               00005346   defined in Debug\adc.o
_ADC1_HTRH              00005346   defined in Debug\adc.o
_ADC1_HTRL              00005347   defined in Debug\adc.o
_ADC1_LTR               00005348   defined in Debug\adc.o
_ADC1_LTRH              00005348   defined in Debug\adc.o
_ADC1_LTRL              00005349   defined in Debug\adc.o
_ADC1_SQR1              0000534a   defined in Debug\adc.o
_ADC1_SQR2              0000534b   defined in Debug\adc.o
_ADC1_SQR3              0000534c   defined in Debug\adc.o
_ADC1_SQR4              0000534d   defined in Debug\adc.o
_ADC1_SR                00005343   defined in Debug\adc.o
_ADC1_TRIGR1            0000534e   defined in Debug\adc.o
_ADC1_TRIGR2            0000534f   defined in Debug\adc.o
_ADC1_TRIGR3            00005350   defined in Debug\adc.o
_ADC1_TRIGR4            00005351   defined in Debug\adc.o
_ADC_COUNTS             00008080   defined in Debug\calcvi.o section .const
_ADC_INIT               000081da   defined in Debug\adc.o section .text
                                   used in Debug\main.o
_BEEP_CSR1              000050f0   defined in Debug\adc.o
_BEEP_CSR2              000050f3   defined in Debug\adc.o
_CFG_GCR                00007f60   defined in Debug\adc.o
_CHANNELS               00000000   defined in Debug\adc.o section .bsct, initialized
                                   used in Debug\main.o
_CLK_CBEEPR             000050cb   defined in Debug\adc.o
_CLK_CCOR               000050c5   defined in Debug\adc.o
_CLK_CKDIVR             000050c0   defined in Debug\adc.o
_CLK_CRTCR              000050c1   defined in Debug\adc.o
_CLK_CSSR               000050ca   defined in Debug\adc.o
_CLK_ECKCR              000050c6   defined in Debug\adc.o
_CLK_HSICALR            000050cc   defined in Debug\adc.o
_CLK_HSITRIMR           000050cd   defined in Debug\adc.o
_CLK_HSIUNLCKR          000050ce   defined in Debug\adc.o
_CLK_ICKCR              000050c2   defined in Debug\adc.o
_CLK_PCKENR1            000050c3   defined in Debug\adc.o
_CLK_PCKENR2            000050c4   defined in Debug\adc.o
_CLK_PCKENR3            000050d0   defined in Debug\adc.o
_CLK_REGCSR             000050cf   defined in Debug\adc.o
_CLK_SCSR               000050c7   defined in Debug\adc.o
_CLK_SWCR               000050c9   defined in Debug\adc.o
_CLK_SWR                000050c8   defined in Debug\adc.o
_CSS_LSE_CSR            00005190   defined in Debug\adc.o
_DMA1_C0CR              00005075   defined in Debug\adc.o
_DMA1_C0M0AR            0000507b   defined in Debug\adc.o
_DMA1_C0M0ARH           0000507b   defined in Debug\adc.o
_DMA1_C0M0ARL           0000507c   defined in Debug\adc.o
_DMA1_C0NDTR            00005077   defined in Debug\adc.o
_DMA1_C0PAR             00005078   defined in Debug\adc.o
_DMA1_C0PARH            00005078   defined in Debug\adc.o
_DMA1_C0PARL            00005079   defined in Debug\adc.o
_DMA1_C0SPR             00005076   defined in Debug\adc.o
_DMA1_C1CR              0000507f   defined in Debug\adc.o
_DMA1_C1M0AR            00005085   defined in Debug\adc.o
_DMA1_C1M0ARH           00005085   defined in Debug\adc.o
_DMA1_C1M0ARL           00005086   defined in Debug\adc.o
_DMA1_C1NDTR            00005081   defined in Debug\adc.o
_DMA1_C1PAR             00005082   defined in Debug\adc.o
_DMA1_C1PARH            00005082   defined in Debug\adc.o
_DMA1_C1PARL            00005083   defined in Debug\adc.o
_DMA1_C1SPR             00005080   defined in Debug\adc.o
_DMA1_C2CR              00005089   defined in Debug\adc.o
_DMA1_C2M0AR            0000508f   defined in Debug\adc.o
_DMA1_C2M0ARH           0000508f   defined in Debug\adc.o
_DMA1_C2M0ARL           00005090   defined in Debug\adc.o
_DMA1_C2NDTR            0000508b   defined in Debug\adc.o
_DMA1_C2PAR             0000508c   defined in Debug\adc.o
_DMA1_C2PARH            0000508c   defined in Debug\adc.o
_DMA1_C2PARL            0000508d   defined in Debug\adc.o
_DMA1_C2SPR             0000508a   defined in Debug\adc.o
_DMA1_C3CR              00005093   defined in Debug\adc.o
_DMA1_C3M0AR            00005099   defined in Debug\adc.o
_DMA1_C3M0ARH           00005099   defined in Debug\adc.o
_DMA1_C3M0ARL           0000509a   defined in Debug\adc.o
_DMA1_C3NDTR            00005095   defined in Debug\adc.o
_DMA1_C3PARH_C3M1ARH    00005096   defined in Debug\adc.o
_DMA1_C3PARL_C3M1ARL    00005097   defined in Debug\adc.o
_DMA1_C3PAR_C3M1AR      00005096   defined in Debug\adc.o
_DMA1_C3SPR             00005094   defined in Debug\adc.o
_DMA1_GCSR              00005070   defined in Debug\adc.o
_DMA1_GIR1              00005071   defined in Debug\adc.o
_DMA_C3M0EAR            00005098   defined in Debug\adc.o
_EXTI_CONF1             000050a5   defined in Debug\adc.o
_EXTI_CONF2             000050ab   defined in Debug\adc.o
_EXTI_CR1               000050a0   defined in Debug\adc.o
_EXTI_CR2               000050a1   defined in Debug\adc.o
_EXTI_CR3               000050a2   defined in Debug\adc.o
_EXTI_CR4               000050aa   defined in Debug\adc.o
_EXTI_SR1               000050a3   defined in Debug\adc.o
_EXTI_SR2               000050a4   defined in Debug\adc.o
_FLASH_CR1              00005050   defined in Debug\adc.o
_FLASH_CR2              00005051   defined in Debug\adc.o
_FLASH_DUKR             00005053   defined in Debug\adc.o
_FLASH_IAPSR            00005054   defined in Debug\adc.o
_FLASH_PUKR             00005052   defined in Debug\adc.o
_I2C1_CCRH              0000521c   defined in Debug\adc.o
_I2C1_CCRL              0000521b   defined in Debug\adc.o
_I2C1_CR1               00005210   defined in Debug\adc.o
_I2C1_CR2               00005211   defined in Debug\adc.o
_I2C1_DR                00005216   defined in Debug\adc.o
_I2C1_FREQR             00005212   defined in Debug\adc.o
_I2C1_ITR               0000521a   defined in Debug\adc.o
_I2C1_OAR2              00005215   defined in Debug\adc.o
_I2C1_OARH              00005214   defined in Debug\adc.o
_I2C1_OARL              00005213   defined in Debug\adc.o
_I2C1_PECR              0000521e   defined in Debug\adc.o
_I2C1_SR1               00005217   defined in Debug\adc.o
_I2C1_SR2               00005218   defined in Debug\adc.o
_I2C1_SR3               00005219   defined in Debug\adc.o
_I2C1_TRISER            0000521d   defined in Debug\adc.o
_ICAL                   00000038   defined in Debug\calcvi.o section .ubsct
_IR_CR                  000052ff   defined in Debug\adc.o
_ITC_SPR1               00007f70   defined in Debug\adc.o
_ITC_SPR2               00007f71   defined in Debug\adc.o
_ITC_SPR3               00007f72   defined in Debug\adc.o
_ITC_SPR4               00007f73   defined in Debug\adc.o
_ITC_SPR5               00007f74   defined in Debug\adc.o
_ITC_SPR6               00007f75   defined in Debug\adc.o
_ITC_SPR7               00007f76   defined in Debug\adc.o
_ITC_SPR8               00007f77   defined in Debug\adc.o
_IWDG_KR                000050e0   defined in Debug\adc.o
_IWDG_PR                000050e1   defined in Debug\adc.o
_IWDG_RLR               000050e2   defined in Debug\adc.o
_Irms                   00000044   defined in Debug\calcvi.o section .ubsct
_PA_CR1                 00005003   defined in Debug\adc.o
_PA_CR2                 00005004   defined in Debug\adc.o
_PA_DDR                 00005002   defined in Debug\adc.o
_PA_IDR                 00005001   defined in Debug\adc.o
_PA_ODR                 00005000   defined in Debug\adc.o
_PB_CR1                 00005008   defined in Debug\adc.o
_PB_CR2                 00005009   defined in Debug\adc.o
_PB_DDR                 00005007   defined in Debug\adc.o
_PB_IDR                 00005006   defined in Debug\adc.o
_PB_ODR                 00005005   defined in Debug\adc.o
_PC_CR1                 0000500d   defined in Debug\adc.o
_PC_CR2                 0000500e   defined in Debug\adc.o
_PC_DDR                 0000500c   defined in Debug\adc.o
_PC_IDR                 0000500b   defined in Debug\adc.o
_PC_ODR                 0000500a   defined in Debug\adc.o
_PD_CR1                 00005012   defined in Debug\adc.o
_PD_CR2                 00005013   defined in Debug\adc.o
_PD_DDR                 00005011   defined in Debug\adc.o
_PD_IDR                 00005010   defined in Debug\adc.o
_PD_ODR                 0000500f   defined in Debug\adc.o
_PHASECAL               00008082   defined in Debug\calcvi.o section .const
_PWR_CSR1               000050b2   defined in Debug\adc.o
_PWR_CSR2               000050b3   defined in Debug\adc.o
_RI_ASCR1               0000543d   defined in Debug\adc.o
_RI_ASCR2               0000543e   defined in Debug\adc.o
_RI_CR                  00005450   defined in Debug\adc.o
_RI_ICR1                00005431   defined in Debug\adc.o
_RI_ICR2                00005432   defined in Debug\adc.o
_RI_IOCMR1              00005436   defined in Debug\adc.o
_RI_IOCMR2              00005437   defined in Debug\adc.o
_RI_IOCMR3              00005438   defined in Debug\adc.o
_RI_IOCMR4              00005456   defined in Debug\adc.o
_RI_IOGCR               0000543c   defined in Debug\adc.o
_RI_IOIR1               00005433   defined in Debug\adc.o
_RI_IOIR2               00005434   defined in Debug\adc.o
_RI_IOIR3               00005435   defined in Debug\adc.o
_RI_IOIR4               00005455   defined in Debug\adc.o
_RI_IOSR1               00005439   defined in Debug\adc.o
_RI_IOSR2               0000543a   defined in Debug\adc.o
_RI_IOSR3               0000543b   defined in Debug\adc.o
_RI_IOSR4               00005457   defined in Debug\adc.o
_RI_MASKR1              00005451   defined in Debug\adc.o
_RI_MASKR2              00005452   defined in Debug\adc.o
_RI_MASKR3              00005453   defined in Debug\adc.o
_RI_MASKR4              00005454   defined in Debug\adc.o
_RI_RCR                 0000543f   defined in Debug\adc.o
_RST_CR                 000050b0   defined in Debug\adc.o
_RST_SR                 000050b1   defined in Debug\adc.o
_RTC_ALRMAR1            0000515c   defined in Debug\adc.o
_RTC_ALRMAR2            0000515d   defined in Debug\adc.o
_RTC_ALRMAR3            0000515e   defined in Debug\adc.o
_RTC_ALRMAR4            0000515f   defined in Debug\adc.o
_RTC_ALRMASSMSKR        00005166   defined in Debug\adc.o
_RTC_ALRMASSR           00005164   defined in Debug\adc.o
_RTC_ALRMASSRH          00005164   defined in Debug\adc.o
_RTC_ALRMASSRL          00005165   defined in Debug\adc.o
_RTC_APRER              00005152   defined in Debug\adc.o
_RTC_CALR               0000516a   defined in Debug\adc.o
_RTC_CALRH              0000516a   defined in Debug\adc.o
_RTC_CALRL              0000516b   defined in Debug\adc.o
_RTC_CR1                00005148   defined in Debug\adc.o
_RTC_CR2                00005149   defined in Debug\adc.o
_RTC_CR3                0000514a   defined in Debug\adc.o
_RTC_DR1                00005144   defined in Debug\adc.o
_RTC_DR2                00005145   defined in Debug\adc.o
_RTC_DR3                00005146   defined in Debug\adc.o
_RTC_INIT               0000856d   defined in Debug\rtc.o section .text
                                   used in Debug\main.o
_RTC_ISR1               0000514c   defined in Debug\adc.o
_RTC_ISR2               0000514d   defined in Debug\adc.o
_RTC_SHIFTR             0000515a   defined in Debug\adc.o
_RTC_SHIFTRH            0000515a   defined in Debug\adc.o
_RTC_SHIFTRL            0000515b   defined in Debug\adc.o
_RTC_SPRER              00005150   defined in Debug\adc.o
_RTC_SPRERH             00005150   defined in Debug\adc.o
_RTC_SPRERL             00005151   defined in Debug\adc.o
_RTC_SSR                00005157   defined in Debug\adc.o
_RTC_SSRH               00005157   defined in Debug\adc.o
_RTC_SSRL               00005158   defined in Debug\adc.o
_RTC_TCR1               0000516c   defined in Debug\adc.o
_RTC_TCR2               0000516d   defined in Debug\adc.o
_RTC_TR1                00005140   defined in Debug\adc.o
_RTC_TR2                00005141   defined in Debug\adc.o
_RTC_TR3                00005142   defined in Debug\adc.o
_RTC_WPR                00005159   defined in Debug\adc.o
_RTC_WUTR               00005154   defined in Debug\adc.o
_RTC_WUTRH              00005154   defined in Debug\adc.o
_RTC_WUTRL              00005155   defined in Debug\adc.o
_SPI1_CR1               00005200   defined in Debug\adc.o
_SPI1_CR2               00005201   defined in Debug\adc.o
_SPI1_CRCPR             00005205   defined in Debug\adc.o
_SPI1_DR                00005204   defined in Debug\adc.o
_SPI1_ICR               00005202   defined in Debug\adc.o
_SPI1_RXCRCR            00005206   defined in Debug\adc.o
_SPI1_SR                00005203   defined in Debug\adc.o
_SPI1_TXCRCR            00005207   defined in Debug\adc.o
_SYSCFG_RMPCR1          0000509e   defined in Debug\adc.o
_SYSCFG_RMPCR2          0000509f   defined in Debug\adc.o
_SYSCFG_RMPCR3          0000509d   defined in Debug\adc.o
_TIM2_ARR               0000525f   defined in Debug\adc.o
_TIM2_ARRH              0000525f   defined in Debug\adc.o
_TIM2_ARRL              00005260   defined in Debug\adc.o
_TIM2_BKR               00005265   defined in Debug\adc.o
_TIM2_CCER1             0000525b   defined in Debug\adc.o
_TIM2_CCMR1             00005259   defined in Debug\adc.o
_TIM2_CCMR2             0000525a   defined in Debug\adc.o
_TIM2_CCR1              00005261   defined in Debug\adc.o
_TIM2_CCR1H             00005261   defined in Debug\adc.o
_TIM2_CCR1L             00005262   defined in Debug\adc.o
_TIM2_CCR2              00005263   defined in Debug\adc.o
_TIM2_CCR2H             00005263   defined in Debug\adc.o
_TIM2_CCR2L             00005264   defined in Debug\adc.o
_TIM2_CNTR              0000525c   defined in Debug\adc.o
_TIM2_CNTRH             0000525c   defined in Debug\adc.o
_TIM2_CNTRL             0000525d   defined in Debug\adc.o
_TIM2_CR1               00005250   defined in Debug\adc.o
_TIM2_CR2               00005251   defined in Debug\adc.o
_TIM2_DER               00005254   defined in Debug\adc.o
_TIM2_EGR               00005258   defined in Debug\adc.o
_TIM2_ETR               00005253   defined in Debug\adc.o
_TIM2_IER               00005255   defined in Debug\adc.o
_TIM2_OISR              00005266   defined in Debug\adc.o
_TIM2_PSCR              0000525e   defined in Debug\adc.o
_TIM2_SMCR              00005252   defined in Debug\adc.o
_TIM2_SR1               00005256   defined in Debug\adc.o
_TIM2_SR2               00005257   defined in Debug\adc.o
_TIM3_ARR               0000528f   defined in Debug\adc.o
_TIM3_ARRH              0000528f   defined in Debug\adc.o
_TIM3_ARRL              00005290   defined in Debug\adc.o
_TIM3_BKR               00005295   defined in Debug\adc.o
_TIM3_CCER1             0000528b   defined in Debug\adc.o
_TIM3_CCMR1             00005289   defined in Debug\adc.o
_TIM3_CCMR2             0000528a   defined in Debug\adc.o
_TIM3_CCR1              00005291   defined in Debug\adc.o
_TIM3_CCR1H             00005291   defined in Debug\adc.o
_TIM3_CCR1L             00005292   defined in Debug\adc.o
_TIM3_CCR2              00005293   defined in Debug\adc.o
_TIM3_CCR2H             00005293   defined in Debug\adc.o
_TIM3_CCR2L             00005294   defined in Debug\adc.o
_TIM3_CNTR              0000528c   defined in Debug\adc.o
_TIM3_CNTRH             0000528c   defined in Debug\adc.o
_TIM3_CNTRL             0000528d   defined in Debug\adc.o
_TIM3_CR1               00005280   defined in Debug\adc.o
_TIM3_CR2               00005281   defined in Debug\adc.o
_TIM3_DER               00005284   defined in Debug\adc.o
_TIM3_EGR               00005288   defined in Debug\adc.o
_TIM3_ETR               00005283   defined in Debug\adc.o
_TIM3_IER               00005285   defined in Debug\adc.o
_TIM3_OISR              00005296   defined in Debug\adc.o
_TIM3_PSCR              0000528e   defined in Debug\adc.o
_TIM3_SMCR              00005282   defined in Debug\adc.o
_TIM3_SR1               00005286   defined in Debug\adc.o
_TIM3_SR2               00005287   defined in Debug\adc.o
_TIM4_ARR               000052e9   defined in Debug\adc.o
_TIM4_CNTR              000052e7   defined in Debug\adc.o
_TIM4_CR1               000052e0   defined in Debug\adc.o
_TIM4_CR2               000052e1   defined in Debug\adc.o
_TIM4_DER               000052e3   defined in Debug\adc.o
_TIM4_EGR               000052e6   defined in Debug\adc.o
_TIM4_IER               000052e4   defined in Debug\adc.o
_TIM4_PSCR              000052e8   defined in Debug\adc.o
_TIM4_SMCR              000052e2   defined in Debug\adc.o
_TIM4_SR1               000052e5   defined in Debug\adc.o
_UART_INIT              000085b4   defined in Debug\uart.o section .text
                                   used in Debug\main.o
_USART1_BRR1            00005232   defined in Debug\adc.o
_USART1_BRR2            00005233   defined in Debug\adc.o
_USART1_CR1             00005234   defined in Debug\adc.o
_USART1_CR2             00005235   defined in Debug\adc.o
_USART1_CR3             00005236   defined in Debug\adc.o
_USART1_CR4             00005237   defined in Debug\adc.o
_USART1_CR5             00005238   defined in Debug\adc.o
_USART1_DR              00005231   defined in Debug\adc.o
_USART1_GTR             00005239   defined in Debug\adc.o
_USART1_PSCR            0000523a   defined in Debug\adc.o
_USART1_SR              00005230   defined in Debug\adc.o
_VCAL                   0000003c   defined in Debug\calcvi.o section .ubsct
_VOLTAGE_CHANNEL        00000009   defined in Debug\adc.o section .bsct, initialized
                                   used in Debug\main.o
_Vrms                   00000048   defined in Debug\calcvi.o section .ubsct
_WFE_CR1                000050a6   defined in Debug\adc.o
_WFE_CR2                000050a7   defined in Debug\adc.o
_WFE_CR3                000050a8   defined in Debug\adc.o
_WFE_CR4                000050a9   defined in Debug\adc.o
_WWDG_CR                000050d3   defined in Debug\adc.o
_WWDG_WR                000050d4   defined in Debug\adc.o
__addexp                000092d7   defined in (C:\Program Files (x86)\COSMIC\CXSTM8_EVAL\Lib\libfs0.sm8)cffun0.o section .text
                                   used in (C:\Program Files (x86)\COSMIC\CXSTM8_EVAL\Lib\libfs0.sm8)sqrt.o
__dtens                 00008120   defined in (C:\Program Files (x86)\COSMIC\CXSTM8_EVAL\Lib\libfs0.sm8)cfcon.o section .const
                                   used in (C:\Program Files (x86)\COSMIC\CXSTM8_EVAL\Lib\libfs0.sm8)cnorm.o
                                           (C:\Program Files (x86)\COSMIC\CXSTM8_EVAL\Lib\libfs0.sm8)dtento.o
__dtento                00009190   defined in (C:\Program Files (x86)\COSMIC\CXSTM8_EVAL\Lib\libfs0.sm8)dtento.o section .text
                                   used in (C:\Program Files (x86)\COSMIC\CXSTM8_EVAL\Lib\libfs0.sm8)cnorm.o
__dtoe                  00008d13   defined in (C:\Program Files (x86)\COSMIC\CXSTM8_EVAL\Lib\libfs0.sm8)dtoe.o section .text
                                   used in (C:\Program Files (x86)\COSMIC\CXSTM8_EVAL\Lib\libfs0.sm8)cprint.o
                                           (C:\Program Files (x86)\COSMIC\CXSTM8_EVAL\Lib\libfs0.sm8)dtog.o
__dtof                  00008e55   defined in (C:\Program Files (x86)\COSMIC\CXSTM8_EVAL\Lib\libfs0.sm8)dtof.o section .text
                                   used in (C:\Program Files (x86)\COSMIC\CXSTM8_EVAL\Lib\libfs0.sm8)cprint.o
                                           (C:\Program Files (x86)\COSMIC\CXSTM8_EVAL\Lib\libfs0.sm8)dtog.o
__dtog                  00008f45   defined in (C:\Program Files (x86)\COSMIC\CXSTM8_EVAL\Lib\libfs0.sm8)dtog.o section .text
                                   used in (C:\Program Files (x86)\COSMIC\CXSTM8_EVAL\Lib\libfs0.sm8)cprint.o
__endmem                000001ff   defined in command file
                                   *** not used ***
__endzp                 0000005e   defined in command file section .ubsct
                                   used in C:\Program Files (x86)\COSMIC\CXSTM8_EVAL\Lib\crtsi0.sm8
__huge                  0000813c   defined in (C:\Program Files (x86)\COSMIC\CXSTM8_EVAL\Lib\libfs0.sm8)cfcon.o section .const
                                   used in (C:\Program Files (x86)\COSMIC\CXSTM8_EVAL\Lib\libfs0.sm8)dtento.o
__idesc__               00008177   defined in linker section .init
                                   used in C:\Program Files (x86)\COSMIC\CXSTM8_EVAL\Lib\crtsi0.sm8
__itob                  0000940c   defined in (C:\Program Files (x86)\COSMIC\CXSTM8_EVAL\Lib\libis0.sm8)itob.o section .text
                                   used in (C:\Program Files (x86)\COSMIC\CXSTM8_EVAL\Lib\libfs0.sm8)cprint.o
__ltob                  00009486   defined in (C:\Program Files (x86)\COSMIC\CXSTM8_EVAL\Lib\libis0.sm8)itob.o section .text
                                   used in (C:\Program Files (x86)\COSMIC\CXSTM8_EVAL\Lib\libfs0.sm8)cprint.o
__memory                00000100   defined in command file section .bss
                                   used in C:\Program Files (x86)\COSMIC\CXSTM8_EVAL\Lib\crtsi0.sm8
__norm                  0000902a   defined in (C:\Program Files (x86)\COSMIC\CXSTM8_EVAL\Lib\libfs0.sm8)cnorm.o section .text
                                   used in (C:\Program Files (x86)\COSMIC\CXSTM8_EVAL\Lib\libfs0.sm8)dtoe.o
                                           (C:\Program Files (x86)\COSMIC\CXSTM8_EVAL\Lib\libfs0.sm8)dtof.o
                                           (C:\Program Files (x86)\COSMIC\CXSTM8_EVAL\Lib\libfs0.sm8)dtog.o
__ntens                 00008140   defined in (C:\Program Files (x86)\COSMIC\CXSTM8_EVAL\Lib\libfs0.sm8)cfcon.o section .const
                                   used in (C:\Program Files (x86)\COSMIC\CXSTM8_EVAL\Lib\libfs0.sm8)dtento.o
__poly                  00009303   defined in (C:\Program Files (x86)\COSMIC\CXSTM8_EVAL\Lib\libfs0.sm8)cffun0.o section .text
                                   *** not used ***
__print                 0000883b   defined in (C:\Program Files (x86)\COSMIC\CXSTM8_EVAL\Lib\libfs0.sm8)cprint.o section .text
                                   used in (C:\Program Files (x86)\COSMIC\CXSTM8_EVAL\Lib\libfs0.sm8)sprnt.o
__round                 0000925f   defined in (C:\Program Files (x86)\COSMIC\CXSTM8_EVAL\Lib\libfs0.sm8)round.o section .text
                                   used in (C:\Program Files (x86)\COSMIC\CXSTM8_EVAL\Lib\libfs0.sm8)dtoe.o
                                           (C:\Program Files (x86)\COSMIC\CXSTM8_EVAL\Lib\libfs0.sm8)dtof.o
__stack                 000003ff   defined in command file
                                   used in C:\Program Files (x86)\COSMIC\CXSTM8_EVAL\Lib\crtsi0.sm8
__startmem              00000100   defined in command file section .bss
                                   *** not used ***
__stext                 0000818f   defined in C:\Program Files (x86)\COSMIC\CXSTM8_EVAL\Lib\crtsi0.sm8 section .text
                                   used in Debug\stm8_interrupt_vector.o
__udiv                  0000951c   defined in (C:\Program Files (x86)\COSMIC\CXSTM8_EVAL\Lib\libis0.sm8)idiv0.o section .text
                                   used in (C:\Program Files (x86)\COSMIC\CXSTM8_EVAL\Lib\libfs0.sm8)dtoe.o
                                           (C:\Program Files (x86)\COSMIC\CXSTM8_EVAL\Lib\libfs0.sm8)cnorm.o
                                           (C:\Program Files (x86)\COSMIC\CXSTM8_EVAL\Lib\libis0.sm8)itob.o
__uldiv                 00009527   defined in (C:\Program Files (x86)\COSMIC\CXSTM8_EVAL\Lib\libis0.sm8)ildiv0.o section .text
                                   used in (C:\Program Files (x86)\COSMIC\CXSTM8_EVAL\Lib\libis0.sm8)itob.o
__unpack                0000931c   defined in (C:\Program Files (x86)\COSMIC\CXSTM8_EVAL\Lib\libfs0.sm8)cffun0.o section .text
                                   used in (C:\Program Files (x86)\COSMIC\CXSTM8_EVAL\Lib\libfs0.sm8)cnorm.o
                                           (C:\Program Files (x86)\COSMIC\CXSTM8_EVAL\Lib\libfs0.sm8)sqrt.o
__vectab                00008000   defined in Debug\stm8_interrupt_vector.o section .const
_apparentPower          0000000a   defined in Debug\calcvi.o section .ubsct
_calcVI                 00008274   defined in Debug\calcvi.o section .text
                                   used in Debug\main.o
_checkVCross            00005e:0   defined in Debug\calcvi.o section .bit, initialized
_exit                   000081d8   defined in C:\Program Files (x86)\COSMIC\CXSTM8_EVAL\Lib\crtsi0.sm8 section .text
_filteredI              0000002c   defined in Debug\calcvi.o section .ubsct
_filteredV              00000030   defined in Debug\calcvi.o section .ubsct
_getIrms                000084b7   defined in Debug\calcvi.o section .text
                                   used in Debug\main.o
_getRealPower           000084b0   defined in Debug\calcvi.o section .text
                                   used in Debug\main.o
_getVrms                000084be   defined in Debug\calcvi.o section .text
                                   used in Debug\main.o
_instP                  00000014   defined in Debug\calcvi.o section .ubsct
_lastFilteredV          00000034   defined in Debug\calcvi.o section .ubsct
_lastVCross             00005e:1   defined in Debug\calcvi.o section .bit, initialized
_loop                   000084f7   defined in Debug\main.o section .text
_main                   000084c5   defined in Debug\main.o section .text
                                   used in C:\Program Files (x86)\COSMIC\CXSTM8_EVAL\Lib\crtsi0.sm8
_memchr                 00009542   defined in (C:\Program Files (x86)\COSMIC\CXSTM8_EVAL\Lib\libis0.sm8)memchr0.o section .text
                                   used in (C:\Program Files (x86)\COSMIC\CXSTM8_EVAL\Lib\libfs0.sm8)dtog.o
_offsetI                00000024   defined in Debug\calcvi.o section .ubsct
_offsetV                00000028   defined in Debug\calcvi.o section .ubsct
_phaseShiftedV          00000020   defined in Debug\calcvi.o section .ubsct
_powerFactor            0000004c   defined in Debug\calcvi.o section .ubsct
_putchar                00009552   defined in (C:\Program Files (x86)\COSMIC\CXSTM8_EVAL\Lib\libis0.sm8)putchr.o section .text
                                   used in (C:\Program Files (x86)\COSMIC\CXSTM8_EVAL\Lib\libfs0.sm8)cprint.o
_readChannel            000081eb   defined in Debug\adc.o section .text
                                   used in Debug\calcvi.o
_realPower              00000050   defined in Debug\calcvi.o section .ubsct
_sampleI                00000040   defined in Debug\calcvi.o section .ubsct
_sampleV                00000042   defined in Debug\calcvi.o section .ubsct
_sendChar               000085d5   defined in Debug\uart.o section .text
                                   used in Debug\main.o
_sendDouble             0000860f   defined in Debug\uart.o section .text
_sendFloat              0000869a   defined in Debug\uart.o section .text
_sendFloatAsLong        00008649   defined in Debug\uart.o section .text
_sendFloatAsString      000086d5   defined in Debug\uart.o section .text
                                   used in Debug\main.o
_sendLong               0000866f   defined in Debug\uart.o section .text
_sendString             000085e4   defined in Debug\uart.o section .text
                                   used in Debug\main.o
_setup                  000084cb   defined in Debug\main.o section .text
_sprintf                0000872e   defined in (C:\Program Files (x86)\COSMIC\CXSTM8_EVAL\Lib\libfs0.sm8)sprnt.o section .text
                                   used in Debug\uart.o
_sqrt                   00009333   defined in (C:\Program Files (x86)\COSMIC\CXSTM8_EVAL\Lib\libfs0.sm8)sqrt.o section .text
                                   used in Debug\calcvi.o
_startV                 0000000e   defined in Debug\calcvi.o section .ubsct
_strlen                 00009559   defined in (C:\Program Files (x86)\COSMIC\CXSTM8_EVAL\Lib\libis0.sm8)strlen0.o section .text
                                   used in Debug\uart.o
                                           (C:\Program Files (x86)\COSMIC\CXSTM8_EVAL\Lib\libfs0.sm8)cprint.o
_sumI                   00000018   defined in Debug\calcvi.o section .ubsct
_sumP                   00000010   defined in Debug\calcvi.o section .ubsct
_sumV                   0000001c   defined in Debug\calcvi.o section .ubsct
_toupper                00009565   defined in (C:\Program Files (x86)\COSMIC\CXSTM8_EVAL\Lib\libis0.sm8)toup0.o section .text
                                   used in (C:\Program Files (x86)\COSMIC\CXSTM8_EVAL\Lib\libfs0.sm8)cprint.o
c_divsl                 00009570   defined in (C:\Program Files (x86)\COSMIC\CXSTM8_EVAL\Lib\libm0.sm8)ldiv.o section .text
                                   used in (C:\Program Files (x86)\COSMIC\CXSTM8_EVAL\Lib\libm0.sm8)lsdiv.o
c_divul                 00009587   defined in (C:\Program Files (x86)\COSMIC\CXSTM8_EVAL\Lib\libm0.sm8)ldiv.o section .text
                                   used in (C:\Program Files (x86)\COSMIC\CXSTM8_EVAL\Lib\libis0.sm8)ildiv0.o
c_fadd                  0000966f   defined in (C:\Program Files (x86)\COSMIC\CXSTM8_EVAL\Lib\libm0.sm8)fadd.o section .text
                                   used in Debug\calcvi.o
                                           (C:\Program Files (x86)\COSMIC\CXSTM8_EVAL\Lib\libfs0.sm8)cffun0.o
                                           (C:\Program Files (x86)\COSMIC\CXSTM8_EVAL\Lib\libfs0.sm8)sqrt.o
                                           (C:\Program Files (x86)\COSMIC\CXSTM8_EVAL\Lib\libm0.sm8)fgadd.o
c_fcmp                  00009738   defined in (C:\Program Files (x86)\COSMIC\CXSTM8_EVAL\Lib\libm0.sm8)fcmp.o section .text
                                   used in Debug\calcvi.o
                                           (C:\Program Files (x86)\COSMIC\CXSTM8_EVAL\Lib\libfs0.sm8)cnorm.o
                                           (C:\Program Files (x86)\COSMIC\CXSTM8_EVAL\Lib\libfs0.sm8)dtento.o
c_fdiv                  0000976e   defined in (C:\Program Files (x86)\COSMIC\CXSTM8_EVAL\Lib\libm0.sm8)fdiv.o section .text
                                   used in Debug\calcvi.o
                                           (C:\Program Files (x86)\COSMIC\CXSTM8_EVAL\Lib\libfs0.sm8)sqrt.o
                                           (C:\Program Files (x86)\COSMIC\CXSTM8_EVAL\Lib\libm0.sm8)fgdiv.o
c_fgadd                 000097f2   defined in (C:\Program Files (x86)\COSMIC\CXSTM8_EVAL\Lib\libm0.sm8)fgadd.o section .text
                                   used in Debug\calcvi.o
                                           (C:\Program Files (x86)\COSMIC\CXSTM8_EVAL\Lib\libfs0.sm8)sqrt.o
c_fgdiv                 000097fa   defined in (C:\Program Files (x86)\COSMIC\CXSTM8_EVAL\Lib\libm0.sm8)fgdiv.o section .text
                                   used in (C:\Program Files (x86)\COSMIC\CXSTM8_EVAL\Lib\libfs0.sm8)dtento.o
c_fgmul                 0000981c   defined in (C:\Program Files (x86)\COSMIC\CXSTM8_EVAL\Lib\libm0.sm8)fgmul.o section .text
                                   used in (C:\Program Files (x86)\COSMIC\CXSTM8_EVAL\Lib\libfs0.sm8)dtento.o
                                           (C:\Program Files (x86)\COSMIC\CXSTM8_EVAL\Lib\libfs0.sm8)sqrt.o
c_fgneg                 00009824   defined in (C:\Program Files (x86)\COSMIC\CXSTM8_EVAL\Lib\libm0.sm8)fgneg.o section .text
                                   used in (C:\Program Files (x86)\COSMIC\CXSTM8_EVAL\Lib\libfs0.sm8)dtoe.o
                                           (C:\Program Files (x86)\COSMIC\CXSTM8_EVAL\Lib\libfs0.sm8)dtof.o
                                           (C:\Program Files (x86)\COSMIC\CXSTM8_EVAL\Lib\libfs0.sm8)cnorm.o
c_fmul                  0000982f   defined in (C:\Program Files (x86)\COSMIC\CXSTM8_EVAL\Lib\libm0.sm8)fmul.o section .text
                                   used in Debug\calcvi.o Debug\uart.o
                                           (C:\Program Files (x86)\COSMIC\CXSTM8_EVAL\Lib\libfs0.sm8)cnorm.o
                                           (C:\Program Files (x86)\COSMIC\CXSTM8_EVAL\Lib\libfs0.sm8)cffun0.o
                                           (C:\Program Files (x86)\COSMIC\CXSTM8_EVAL\Lib\libfs0.sm8)sqrt.o
                                           (C:\Program Files (x86)\COSMIC\CXSTM8_EVAL\Lib\libm0.sm8)fgmul.o
c_fsub                  0000965b   defined in (C:\Program Files (x86)\COSMIC\CXSTM8_EVAL\Lib\libm0.sm8)fadd.o section .text
                                   used in Debug\calcvi.o
                                           (C:\Program Files (x86)\COSMIC\CXSTM8_EVAL\Lib\libfs0.sm8)cnorm.o
c_ftoi                  00009904   defined in (C:\Program Files (x86)\COSMIC\CXSTM8_EVAL\Lib\libm0.sm8)ftol.o section .text
                                   used in (C:\Program Files (x86)\COSMIC\CXSTM8_EVAL\Lib\libfs0.sm8)cnorm.o
c_ftol                  0000990a   defined in (C:\Program Files (x86)\COSMIC\CXSTM8_EVAL\Lib\libm0.sm8)ftol.o section .text
                                   used in Debug\uart.o
c_imul                  00009966   defined in (C:\Program Files (x86)\COSMIC\CXSTM8_EVAL\Lib\libm0.sm8)imul.o section .text
                                   used in (C:\Program Files (x86)\COSMIC\CXSTM8_EVAL\Lib\libfs0.sm8)cprint.o
c_itof                  00009987   defined in (C:\Program Files (x86)\COSMIC\CXSTM8_EVAL\Lib\libm0.sm8)itof.o section .text
                                   used in Debug\calcvi.o
                                           (C:\Program Files (x86)\COSMIC\CXSTM8_EVAL\Lib\libfs0.sm8)cnorm.o
c_lcmp                  000099b5   defined in (C:\Program Files (x86)\COSMIC\CXSTM8_EVAL\Lib\libm0.sm8)lcmp.o section .text
                                   used in Debug\main.o
c_ldiv                  000099d5   defined in (C:\Program Files (x86)\COSMIC\CXSTM8_EVAL\Lib\libm0.sm8)lsdiv.o section .text
                                   used in (C:\Program Files (x86)\COSMIC\CXSTM8_EVAL\Lib\libfs0.sm8)cnorm.o
c_lgadc                 000099f4   defined in (C:\Program Files (x86)\COSMIC\CXSTM8_EVAL\Lib\libm0.sm8)lgadc.o section .text
                                   used in Debug\main.o
c_lgneg                 00009a04   defined in (C:\Program Files (x86)\COSMIC\CXSTM8_EVAL\Lib\libm0.sm8)lgneg.o section .text
                                   used in (C:\Program Files (x86)\COSMIC\CXSTM8_EVAL\Lib\libm0.sm8)ldiv.o
c_lneg                  00009a17   defined in (C:\Program Files (x86)\COSMIC\CXSTM8_EVAL\Lib\libm0.sm8)lneg.o section .text
                                   used in (C:\Program Files (x86)\COSMIC\CXSTM8_EVAL\Lib\libis0.sm8)itob.o
                                           (C:\Program Files (x86)\COSMIC\CXSTM8_EVAL\Lib\libm0.sm8)ldiv.o
                                           (C:\Program Files (x86)\COSMIC\CXSTM8_EVAL\Lib\libm0.sm8)lsdiv.o
c_lreg                  00000054   defined in (C:\Program Files (x86)\COSMIC\CXSTM8_EVAL\Lib\libm0.sm8)lreg.o section .ubsct
                                   used in Debug\calcvi.o Debug\main.o
                                           Debug\uart.o
                                           (C:\Program Files (x86)\COSMIC\CXSTM8_EVAL\Lib\libfs0.sm8)cprint.o
                                           (C:\Program Files (x86)\COSMIC\CXSTM8_EVAL\Lib\libfs0.sm8)cnorm.o
                                           (C:\Program Files (x86)\COSMIC\CXSTM8_EVAL\Lib\libfs0.sm8)cffun0.o
                                           (C:\Program Files (x86)\COSMIC\CXSTM8_EVAL\Lib\libm0.sm8)ldiv.o
                                           (C:\Program Files (x86)\COSMIC\CXSTM8_EVAL\Lib\libm0.sm8)fadd.o
                                           (C:\Program Files (x86)\COSMIC\CXSTM8_EVAL\Lib\libm0.sm8)fcmp.o
                                           (C:\Program Files (x86)\COSMIC\CXSTM8_EVAL\Lib\libm0.sm8)fdiv.o
                                           (C:\Program Files (x86)\COSMIC\CXSTM8_EVAL\Lib\libm0.sm8)fgdiv.o
                                           (C:\Program Files (x86)\COSMIC\CXSTM8_EVAL\Lib\libm0.sm8)fmul.o
                                           (C:\Program Files (x86)\COSMIC\CXSTM8_EVAL\Lib\libm0.sm8)ftol.o
                                           (C:\Program Files (x86)\COSMIC\CXSTM8_EVAL\Lib\libm0.sm8)itof.o
                                           (C:\Program Files (x86)\COSMIC\CXSTM8_EVAL\Lib\libm0.sm8)lcmp.o
                                           (C:\Program Files (x86)\COSMIC\CXSTM8_EVAL\Lib\libm0.sm8)lneg.o
                                           (C:\Program Files (x86)\COSMIC\CXSTM8_EVAL\Lib\libm0.sm8)ltor.o
                                           (C:\Program Files (x86)\COSMIC\CXSTM8_EVAL\Lib\libm0.sm8)lursh.o
                                           (C:\Program Files (x86)\COSMIC\CXSTM8_EVAL\Lib\libm0.sm8)rtol.o
                                           (C:\Program Files (x86)\COSMIC\CXSTM8_EVAL\Lib\libm0.sm8)uitof.o
                                           (C:\Program Files (x86)\COSMIC\CXSTM8_EVAL\Lib\libm0.sm8)vmul.o
                                           (C:\Program Files (x86)\COSMIC\CXSTM8_EVAL\Lib\libm0.sm8)umul.o
c_ltor                  00009a2c   defined in (C:\Program Files (x86)\COSMIC\CXSTM8_EVAL\Lib\libm0.sm8)ltor.o section .text
                                   used in Debug\calcvi.o Debug\main.o
                                           Debug\uart.o
                                           (C:\Program Files (x86)\COSMIC\CXSTM8_EVAL\Lib\libfs0.sm8)cnorm.o
                                           (C:\Program Files (x86)\COSMIC\CXSTM8_EVAL\Lib\libfs0.sm8)dtento.o
                                           (C:\Program Files (x86)\COSMIC\CXSTM8_EVAL\Lib\libfs0.sm8)cffun0.o
                                           (C:\Program Files (x86)\COSMIC\CXSTM8_EVAL\Lib\libfs0.sm8)sqrt.o
                                           (C:\Program Files (x86)\COSMIC\CXSTM8_EVAL\Lib\libis0.sm8)itob.o
                                           (C:\Program Files (x86)\COSMIC\CXSTM8_EVAL\Lib\libis0.sm8)ildiv0.o
c_lursh                 00009a3e   defined in (C:\Program Files (x86)\COSMIC\CXSTM8_EVAL\Lib\libm0.sm8)lursh.o section .text
                                   used in Debug\uart.o
c_lzmp                  00009a4d   defined in (C:\Program Files (x86)\COSMIC\CXSTM8_EVAL\Lib\libm0.sm8)lzmp.o section .text
                                   used in Debug\main.o
                                           (C:\Program Files (x86)\COSMIC\CXSTM8_EVAL\Lib\libis0.sm8)itob.o
c_okadd                 00009679   defined in (C:\Program Files (x86)\COSMIC\CXSTM8_EVAL\Lib\libm0.sm8)fadd.o section .text
c_okdiv                 0000977e   defined in (C:\Program Files (x86)\COSMIC\CXSTM8_EVAL\Lib\libm0.sm8)fdiv.o section .text
                                   *** not used ***
c_okmul                 0000983d   defined in (C:\Program Files (x86)\COSMIC\CXSTM8_EVAL\Lib\libm0.sm8)fmul.o section .text
                                   *** not used ***
c_oksub                 00009665   defined in (C:\Program Files (x86)\COSMIC\CXSTM8_EVAL\Lib\libm0.sm8)fadd.o section .text
                                   *** not used ***
c_rtol                  00009a60   defined in (C:\Program Files (x86)\COSMIC\CXSTM8_EVAL\Lib\libm0.sm8)rtol.o section .text
                                   used in Debug\calcvi.o Debug\uart.o
                                           (C:\Program Files (x86)\COSMIC\CXSTM8_EVAL\Lib\libfs0.sm8)cprint.o
                                           (C:\Program Files (x86)\COSMIC\CXSTM8_EVAL\Lib\libfs0.sm8)cnorm.o
                                           (C:\Program Files (x86)\COSMIC\CXSTM8_EVAL\Lib\libfs0.sm8)sqrt.o
                                           (C:\Program Files (x86)\COSMIC\CXSTM8_EVAL\Lib\libis0.sm8)itob.o
                                           (C:\Program Files (x86)\COSMIC\CXSTM8_EVAL\Lib\libis0.sm8)ildiv0.o
                                           (C:\Program Files (x86)\COSMIC\CXSTM8_EVAL\Lib\libm0.sm8)fgadd.o
                                           (C:\Program Files (x86)\COSMIC\CXSTM8_EVAL\Lib\libm0.sm8)fgdiv.o
                                           (C:\Program Files (x86)\COSMIC\CXSTM8_EVAL\Lib\libm0.sm8)fgmul.o
c_uitof                 00009a72   defined in (C:\Program Files (x86)\COSMIC\CXSTM8_EVAL\Lib\libm0.sm8)uitof.o section .text
                                   used in Debug\calcvi.o
c_umul                  00009aae   defined in (C:\Program Files (x86)\COSMIC\CXSTM8_EVAL\Lib\libm0.sm8)umul.o section .text
                                   used in (C:\Program Files (x86)\COSMIC\CXSTM8_EVAL\Lib\libm0.sm8)vmul.o
c_vmul                  00009a96   defined in (C:\Program Files (x86)\COSMIC\CXSTM8_EVAL\Lib\libm0.sm8)vmul.o section .text
                                   used in (C:\Program Files (x86)\COSMIC\CXSTM8_EVAL\Lib\libfs0.sm8)cnorm.o
c_x                     00000058   defined in (C:\Program Files (x86)\COSMIC\CXSTM8_EVAL\Lib\libm0.sm8)xreg.o section .ubsct
                                   used in C:\Program Files (x86)\COSMIC\CXSTM8_EVAL\Lib\crtsi0.sm8
                                           Debug\uart.o
                                           (C:\Program Files (x86)\COSMIC\CXSTM8_EVAL\Lib\libfs0.sm8)dtof.o
                                           (C:\Program Files (x86)\COSMIC\CXSTM8_EVAL\Lib\libfs0.sm8)dtog.o
                                           (C:\Program Files (x86)\COSMIC\CXSTM8_EVAL\Lib\libfs0.sm8)cffun0.o
                                           (C:\Program Files (x86)\COSMIC\CXSTM8_EVAL\Lib\libis0.sm8)strlen0.o
                                           (C:\Program Files (x86)\COSMIC\CXSTM8_EVAL\Lib\libm0.sm8)ldiv.o
                                           (C:\Program Files (x86)\COSMIC\CXSTM8_EVAL\Lib\libm0.sm8)fadd.o
                                           (C:\Program Files (x86)\COSMIC\CXSTM8_EVAL\Lib\libm0.sm8)fcmp.o
                                           (C:\Program Files (x86)\COSMIC\CXSTM8_EVAL\Lib\libm0.sm8)fdiv.o
                                           (C:\Program Files (x86)\COSMIC\CXSTM8_EVAL\Lib\libm0.sm8)fmul.o
                                           (C:\Program Files (x86)\COSMIC\CXSTM8_EVAL\Lib\libm0.sm8)imul.o
                                           (C:\Program Files (x86)\COSMIC\CXSTM8_EVAL\Lib\libm0.sm8)lsdiv.o
                                           (C:\Program Files (x86)\COSMIC\CXSTM8_EVAL\Lib\libm0.sm8)vmul.o
                                           (C:\Program Files (x86)\COSMIC\CXSTM8_EVAL\Lib\libm0.sm8)umul.o
c_y                     0000005b   defined in (C:\Program Files (x86)\COSMIC\CXSTM8_EVAL\Lib\libm0.sm8)yreg.o section .ubsct
                                   used in C:\Program Files (x86)\COSMIC\CXSTM8_EVAL\Lib\crtsi0.sm8
                                           Debug\uart.o
                                           (C:\Program Files (x86)\COSMIC\CXSTM8_EVAL\Lib\libm0.sm8)vmul.o
                                           (C:\Program Files (x86)\COSMIC\CXSTM8_EVAL\Lib\libm0.sm8)umul.o
f_NonHandledInterrupt   00009aea   defined in Debug\stm8_interrupt_vector.o section .text
