
Map of Debug\powermonitor.sm8 from link file Debug\powermonitor.lkf - Sat Aug 19 21:18:52 2017


                               --------
                               Segments
                               --------

start 00008080 end 00008084 length     4 segment .const
start 00008087 end 00008243 length   444 segment .text
start 00001000 end 00001000 length     0 segment .eeprom
start 00000000 end 00000000 length     0 segment .bsct
start 00000000 end 0000000a length    10 segment .ubsct
start 0000000a end 0000000a length     0 segment .bit
start 0000000a end 0000000a length     0 segment .share
start 00000100 end 00000100 length     0 segment .data
start 00000100 end 00000100 length     0 segment .bss
start 00000000 end 000002ff length   767 segment .info.
start 00000000 end 000027bb length 10171 segment .debug
start 00008000 end 00008080 length   128 segment .const
start 00008084 end 00008087 length     3 segment .init


                               -------
                               Modules
                               -------

C:\Program Files (x86)\COSMIC\CXSTM8_EVAL\Lib\crtsi0.sm8:
start 00008087 end 000080d2 length    75 section .text
start 00000100 end 00000100 length     0 section .bss
start 00000000 end 00000000 length     0 section .ubsct
start 00000000 end 00000030 length    48 section .info.

Debug\main.o:
start 000080d2 end 000081cb length   249 section .text
start 00000000 end 00002650 length  9808 section .debug
start 00000030 end 0000009d length   109 section .info.
start 00008080 end 00008084 length     4 section .const

(C:\Program Files (x86)\COSMIC\CXSTM8_EVAL\Lib\libis0.sm8)strlen0.o:
start 000081cb end 000081d7 length    12 section .text
start 0000009d end 000000cc length    47 section .info.

(C:\Program Files (x86)\COSMIC\CXSTM8_EVAL\Lib\libm0.sm8)lcmp.o:
start 000081d7 end 000081f7 length    32 section .text
start 000000cc end 000000fb length    47 section .info.

(C:\Program Files (x86)\COSMIC\CXSTM8_EVAL\Lib\libm0.sm8)lgadc.o:
start 000081f7 end 00008207 length    16 section .text
start 000000fb end 0000012b length    48 section .info.

(C:\Program Files (x86)\COSMIC\CXSTM8_EVAL\Lib\libm0.sm8)lgsbc.o:
start 00008207 end 0000821d length    22 section .text
start 0000012b end 0000015b length    48 section .info.

(C:\Program Files (x86)\COSMIC\CXSTM8_EVAL\Lib\libm0.sm8)lreg.o:
start 00000000 end 00000004 length     4 section .ubsct
start 0000015b end 0000018a length    47 section .info.

(C:\Program Files (x86)\COSMIC\CXSTM8_EVAL\Lib\libm0.sm8)ltor.o:
start 0000821d end 0000822f length    18 section .text
start 0000018a end 000001b9 length    47 section .info.

(C:\Program Files (x86)\COSMIC\CXSTM8_EVAL\Lib\libm0.sm8)lzmp.o:
start 0000822f end 00008242 length    19 section .text
start 000001b9 end 000001e8 length    47 section .info.

(C:\Program Files (x86)\COSMIC\CXSTM8_EVAL\Lib\libm0.sm8)xreg.o:
start 00000004 end 00000007 length     3 section .ubsct
start 000001e8 end 00000217 length    47 section .info.

(C:\Program Files (x86)\COSMIC\CXSTM8_EVAL\Lib\libm0.sm8)yreg.o:
start 00000007 end 0000000a length     3 section .ubsct
start 00000217 end 00000246 length    47 section .info.

Debug\stm8_interrupt_vector.o:
start 00008242 end 00008243 length     1 section .text
start 00002650 end 000027bb length   363 section .debug
start 00000246 end 000002c4 length   126 section .info.
start 00008000 end 00008080 length   128 section .const


                             -----------
                             Stack usage
                             -----------

Debug\main.o:
_RTC_INIT              >    2   (2)
_UART_INIT                  2   (2)
_main                  >    9   (6)
_sendChar                   3   (3)
_uart_write            >    8   (5)

Debug\stm8_interrupt_vector.o:
f_NonHandledInterrupt  >    6   (6)

C:\Program Files (x86:
_strlen                     2   (2)

Stack size: 15


                              ---------
                              Call tree
                              ---------
   1 > _RTC_INIT: (2)

   2 > __stext: (0)

   3 > _main: (6)
   4      + _UART_INIT: (2)
   5      + _sendChar: (3)
       
   6 > _uart_write: (5)
   7      + _sendChar --> 5
   8      + _strlen: (2)
       
   9 > f_NonHandledInterrupt: (6)

  10   _UART_INIT --> 4

  11   _sendChar --> 5

  12   _strlen --> 8



                               -------
                               Symbols
                               -------

_ADC1_CR1               00005340   defined in Debug\main.o
_ADC1_CR2               00005341   defined in Debug\main.o
_ADC1_CR3               00005342   defined in Debug\main.o
_ADC1_DR                00005344   defined in Debug\main.o
_ADC1_DRH               00005344   defined in Debug\main.o
_ADC1_DRL               00005345   defined in Debug\main.o
_ADC1_HTR               00005346   defined in Debug\main.o
_ADC1_HTRH              00005346   defined in Debug\main.o
_ADC1_HTRL              00005347   defined in Debug\main.o
_ADC1_LTR               00005348   defined in Debug\main.o
_ADC1_LTRH              00005348   defined in Debug\main.o
_ADC1_LTRL              00005349   defined in Debug\main.o
_ADC1_SQR1              0000534a   defined in Debug\main.o
_ADC1_SQR2              0000534b   defined in Debug\main.o
_ADC1_SQR3              0000534c   defined in Debug\main.o
_ADC1_SQR4              0000534d   defined in Debug\main.o
_ADC1_SR                00005343   defined in Debug\main.o
_ADC1_TRIGR1            0000534e   defined in Debug\main.o
_ADC1_TRIGR2            0000534f   defined in Debug\main.o
_ADC1_TRIGR3            00005350   defined in Debug\main.o
_ADC1_TRIGR4            00005351   defined in Debug\main.o
_BEEP_CSR1              000050f0   defined in Debug\main.o
_BEEP_CSR2              000050f3   defined in Debug\main.o
_CFG_GCR                00007f60   defined in Debug\main.o
_CLK_CBEEPR             000050cb   defined in Debug\main.o
_CLK_CCOR               000050c5   defined in Debug\main.o
_CLK_CKDIVR             000050c0   defined in Debug\main.o
_CLK_CRTCR              000050c1   defined in Debug\main.o
_CLK_CSSR               000050ca   defined in Debug\main.o
_CLK_ECKCR              000050c6   defined in Debug\main.o
_CLK_HSICALR            000050cc   defined in Debug\main.o
_CLK_HSITRIMR           000050cd   defined in Debug\main.o
_CLK_HSIUNLCKR          000050ce   defined in Debug\main.o
_CLK_ICKCR              000050c2   defined in Debug\main.o
_CLK_PCKENR1            000050c3   defined in Debug\main.o
_CLK_PCKENR2            000050c4   defined in Debug\main.o
_CLK_PCKENR3            000050d0   defined in Debug\main.o
_CLK_REGCSR             000050cf   defined in Debug\main.o
_CLK_SCSR               000050c7   defined in Debug\main.o
_CLK_SWCR               000050c9   defined in Debug\main.o
_CLK_SWR                000050c8   defined in Debug\main.o
_CSS_LSE_CSR            00005190   defined in Debug\main.o
_DMA1_C0CR              00005075   defined in Debug\main.o
_DMA1_C0M0AR            0000507b   defined in Debug\main.o
_DMA1_C0M0ARH           0000507b   defined in Debug\main.o
_DMA1_C0M0ARL           0000507c   defined in Debug\main.o
_DMA1_C0NDTR            00005077   defined in Debug\main.o
_DMA1_C0PAR             00005078   defined in Debug\main.o
_DMA1_C0PARH            00005078   defined in Debug\main.o
_DMA1_C0PARL            00005079   defined in Debug\main.o
_DMA1_C0SPR             00005076   defined in Debug\main.o
_DMA1_C1CR              0000507f   defined in Debug\main.o
_DMA1_C1M0AR            00005085   defined in Debug\main.o
_DMA1_C1M0ARH           00005085   defined in Debug\main.o
_DMA1_C1M0ARL           00005086   defined in Debug\main.o
_DMA1_C1NDTR            00005081   defined in Debug\main.o
_DMA1_C1PAR             00005082   defined in Debug\main.o
_DMA1_C1PARH            00005082   defined in Debug\main.o
_DMA1_C1PARL            00005083   defined in Debug\main.o
_DMA1_C1SPR             00005080   defined in Debug\main.o
_DMA1_C2CR              00005089   defined in Debug\main.o
_DMA1_C2M0AR            0000508f   defined in Debug\main.o
_DMA1_C2M0ARH           0000508f   defined in Debug\main.o
_DMA1_C2M0ARL           00005090   defined in Debug\main.o
_DMA1_C2NDTR            0000508b   defined in Debug\main.o
_DMA1_C2PAR             0000508c   defined in Debug\main.o
_DMA1_C2PARH            0000508c   defined in Debug\main.o
_DMA1_C2PARL            0000508d   defined in Debug\main.o
_DMA1_C2SPR             0000508a   defined in Debug\main.o
_DMA1_C3CR              00005093   defined in Debug\main.o
_DMA1_C3M0AR            00005099   defined in Debug\main.o
_DMA1_C3M0ARH           00005099   defined in Debug\main.o
_DMA1_C3M0ARL           0000509a   defined in Debug\main.o
_DMA1_C3NDTR            00005095   defined in Debug\main.o
_DMA1_C3PARH_C3M1ARH    00005096   defined in Debug\main.o
_DMA1_C3PARL_C3M1ARL    00005097   defined in Debug\main.o
_DMA1_C3PAR_C3M1AR      00005096   defined in Debug\main.o
_DMA1_C3SPR             00005094   defined in Debug\main.o
_DMA1_GCSR              00005070   defined in Debug\main.o
_DMA1_GIR1              00005071   defined in Debug\main.o
_DMA_C3M0EAR            00005098   defined in Debug\main.o
_EXTI_CONF1             000050a5   defined in Debug\main.o
_EXTI_CONF2             000050ab   defined in Debug\main.o
_EXTI_CR1               000050a0   defined in Debug\main.o
_EXTI_CR2               000050a1   defined in Debug\main.o
_EXTI_CR3               000050a2   defined in Debug\main.o
_EXTI_CR4               000050aa   defined in Debug\main.o
_EXTI_SR1               000050a3   defined in Debug\main.o
_EXTI_SR2               000050a4   defined in Debug\main.o
_FLASH_CR1              00005050   defined in Debug\main.o
_FLASH_CR2              00005051   defined in Debug\main.o
_FLASH_DUKR             00005053   defined in Debug\main.o
_FLASH_IAPSR            00005054   defined in Debug\main.o
_FLASH_PUKR             00005052   defined in Debug\main.o
_I2C1_CCRH              0000521c   defined in Debug\main.o
_I2C1_CCRL              0000521b   defined in Debug\main.o
_I2C1_CR1               00005210   defined in Debug\main.o
_I2C1_CR2               00005211   defined in Debug\main.o
_I2C1_DR                00005216   defined in Debug\main.o
_I2C1_FREQR             00005212   defined in Debug\main.o
_I2C1_ITR               0000521a   defined in Debug\main.o
_I2C1_OAR2              00005215   defined in Debug\main.o
_I2C1_OARH              00005214   defined in Debug\main.o
_I2C1_OARL              00005213   defined in Debug\main.o
_I2C1_PECR              0000521e   defined in Debug\main.o
_I2C1_SR1               00005217   defined in Debug\main.o
_I2C1_SR2               00005218   defined in Debug\main.o
_I2C1_SR3               00005219   defined in Debug\main.o
_I2C1_TRISER            0000521d   defined in Debug\main.o
_IR_CR                  000052ff   defined in Debug\main.o
_ITC_SPR1               00007f70   defined in Debug\main.o
_ITC_SPR2               00007f71   defined in Debug\main.o
_ITC_SPR3               00007f72   defined in Debug\main.o
_ITC_SPR4               00007f73   defined in Debug\main.o
_ITC_SPR5               00007f74   defined in Debug\main.o
_ITC_SPR6               00007f75   defined in Debug\main.o
_ITC_SPR7               00007f76   defined in Debug\main.o
_ITC_SPR8               00007f77   defined in Debug\main.o
_IWDG_KR                000050e0   defined in Debug\main.o
_IWDG_PR                000050e1   defined in Debug\main.o
_IWDG_RLR               000050e2   defined in Debug\main.o
_PA_CR1                 00005003   defined in Debug\main.o
_PA_CR2                 00005004   defined in Debug\main.o
_PA_DDR                 00005002   defined in Debug\main.o
_PA_IDR                 00005001   defined in Debug\main.o
_PA_ODR                 00005000   defined in Debug\main.o
_PB_CR1                 00005008   defined in Debug\main.o
_PB_CR2                 00005009   defined in Debug\main.o
_PB_DDR                 00005007   defined in Debug\main.o
_PB_IDR                 00005006   defined in Debug\main.o
_PB_ODR                 00005005   defined in Debug\main.o
_PC_CR1                 0000500d   defined in Debug\main.o
_PC_CR2                 0000500e   defined in Debug\main.o
_PC_DDR                 0000500c   defined in Debug\main.o
_PC_IDR                 0000500b   defined in Debug\main.o
_PC_ODR                 0000500a   defined in Debug\main.o
_PD_CR1                 00005012   defined in Debug\main.o
_PD_CR2                 00005013   defined in Debug\main.o
_PD_DDR                 00005011   defined in Debug\main.o
_PD_IDR                 00005010   defined in Debug\main.o
_PD_ODR                 0000500f   defined in Debug\main.o
_PWR_CSR1               000050b2   defined in Debug\main.o
_PWR_CSR2               000050b3   defined in Debug\main.o
_RI_ASCR1               0000543d   defined in Debug\main.o
_RI_ASCR2               0000543e   defined in Debug\main.o
_RI_CR                  00005450   defined in Debug\main.o
_RI_ICR1                00005431   defined in Debug\main.o
_RI_ICR2                00005432   defined in Debug\main.o
_RI_IOCMR1              00005436   defined in Debug\main.o
_RI_IOCMR2              00005437   defined in Debug\main.o
_RI_IOCMR3              00005438   defined in Debug\main.o
_RI_IOCMR4              00005456   defined in Debug\main.o
_RI_IOGCR               0000543c   defined in Debug\main.o
_RI_IOIR1               00005433   defined in Debug\main.o
_RI_IOIR2               00005434   defined in Debug\main.o
_RI_IOIR3               00005435   defined in Debug\main.o
_RI_IOIR4               00005455   defined in Debug\main.o
_RI_IOSR1               00005439   defined in Debug\main.o
_RI_IOSR2               0000543a   defined in Debug\main.o
_RI_IOSR3               0000543b   defined in Debug\main.o
_RI_IOSR4               00005457   defined in Debug\main.o
_RI_MASKR1              00005451   defined in Debug\main.o
_RI_MASKR2              00005452   defined in Debug\main.o
_RI_MASKR3              00005453   defined in Debug\main.o
_RI_MASKR4              00005454   defined in Debug\main.o
_RI_RCR                 0000543f   defined in Debug\main.o
_RST_CR                 000050b0   defined in Debug\main.o
_RST_SR                 000050b1   defined in Debug\main.o
_RTC_ALRMAR1            0000515c   defined in Debug\main.o
_RTC_ALRMAR2            0000515d   defined in Debug\main.o
_RTC_ALRMAR3            0000515e   defined in Debug\main.o
_RTC_ALRMAR4            0000515f   defined in Debug\main.o
_RTC_ALRMASSMSKR        00005166   defined in Debug\main.o
_RTC_ALRMASSR           00005164   defined in Debug\main.o
_RTC_ALRMASSRH          00005164   defined in Debug\main.o
_RTC_ALRMASSRL          00005165   defined in Debug\main.o
_RTC_APRER              00005152   defined in Debug\main.o
_RTC_CALR               0000516a   defined in Debug\main.o
_RTC_CALRH              0000516a   defined in Debug\main.o
_RTC_CALRL              0000516b   defined in Debug\main.o
_RTC_CR1                00005148   defined in Debug\main.o
_RTC_CR2                00005149   defined in Debug\main.o
_RTC_CR3                0000514a   defined in Debug\main.o
_RTC_DR1                00005144   defined in Debug\main.o
_RTC_DR2                00005145   defined in Debug\main.o
_RTC_DR3                00005146   defined in Debug\main.o
_RTC_INIT               0000818c   defined in Debug\main.o section .text
_RTC_ISR1               0000514c   defined in Debug\main.o
_RTC_ISR2               0000514d   defined in Debug\main.o
_RTC_SHIFTR             0000515a   defined in Debug\main.o
_RTC_SHIFTRH            0000515a   defined in Debug\main.o
_RTC_SHIFTRL            0000515b   defined in Debug\main.o
_RTC_SPRER              00005150   defined in Debug\main.o
_RTC_SPRERH             00005150   defined in Debug\main.o
_RTC_SPRERL             00005151   defined in Debug\main.o
_RTC_SSR                00005157   defined in Debug\main.o
_RTC_SSRH               00005157   defined in Debug\main.o
_RTC_SSRL               00005158   defined in Debug\main.o
_RTC_TCR1               0000516c   defined in Debug\main.o
_RTC_TCR2               0000516d   defined in Debug\main.o
_RTC_TR1                00005140   defined in Debug\main.o
_RTC_TR2                00005141   defined in Debug\main.o
_RTC_TR3                00005142   defined in Debug\main.o
_RTC_WPR                00005159   defined in Debug\main.o
_RTC_WUTR               00005154   defined in Debug\main.o
_RTC_WUTRH              00005154   defined in Debug\main.o
_RTC_WUTRL              00005155   defined in Debug\main.o
_SPI1_CR1               00005200   defined in Debug\main.o
_SPI1_CR2               00005201   defined in Debug\main.o
_SPI1_CRCPR             00005205   defined in Debug\main.o
_SPI1_DR                00005204   defined in Debug\main.o
_SPI1_ICR               00005202   defined in Debug\main.o
_SPI1_RXCRCR            00005206   defined in Debug\main.o
_SPI1_SR                00005203   defined in Debug\main.o
_SPI1_TXCRCR            00005207   defined in Debug\main.o
_SYSCFG_RMPCR1          0000509e   defined in Debug\main.o
_SYSCFG_RMPCR2          0000509f   defined in Debug\main.o
_SYSCFG_RMPCR3          0000509d   defined in Debug\main.o
_TIM2_ARR               0000525f   defined in Debug\main.o
_TIM2_ARRH              0000525f   defined in Debug\main.o
_TIM2_ARRL              00005260   defined in Debug\main.o
_TIM2_BKR               00005265   defined in Debug\main.o
_TIM2_CCER1             0000525b   defined in Debug\main.o
_TIM2_CCMR1             00005259   defined in Debug\main.o
_TIM2_CCMR2             0000525a   defined in Debug\main.o
_TIM2_CCR1              00005261   defined in Debug\main.o
_TIM2_CCR1H             00005261   defined in Debug\main.o
_TIM2_CCR1L             00005262   defined in Debug\main.o
_TIM2_CCR2              00005263   defined in Debug\main.o
_TIM2_CCR2H             00005263   defined in Debug\main.o
_TIM2_CCR2L             00005264   defined in Debug\main.o
_TIM2_CNTR              0000525c   defined in Debug\main.o
_TIM2_CNTRH             0000525c   defined in Debug\main.o
_TIM2_CNTRL             0000525d   defined in Debug\main.o
_TIM2_CR1               00005250   defined in Debug\main.o
_TIM2_CR2               00005251   defined in Debug\main.o
_TIM2_DER               00005254   defined in Debug\main.o
_TIM2_EGR               00005258   defined in Debug\main.o
_TIM2_ETR               00005253   defined in Debug\main.o
_TIM2_IER               00005255   defined in Debug\main.o
_TIM2_OISR              00005266   defined in Debug\main.o
_TIM2_PSCR              0000525e   defined in Debug\main.o
_TIM2_SMCR              00005252   defined in Debug\main.o
_TIM2_SR1               00005256   defined in Debug\main.o
_TIM2_SR2               00005257   defined in Debug\main.o
_TIM3_ARR               0000528f   defined in Debug\main.o
_TIM3_ARRH              0000528f   defined in Debug\main.o
_TIM3_ARRL              00005290   defined in Debug\main.o
_TIM3_BKR               00005295   defined in Debug\main.o
_TIM3_CCER1             0000528b   defined in Debug\main.o
_TIM3_CCMR1             00005289   defined in Debug\main.o
_TIM3_CCMR2             0000528a   defined in Debug\main.o
_TIM3_CCR1              00005291   defined in Debug\main.o
_TIM3_CCR1H             00005291   defined in Debug\main.o
_TIM3_CCR1L             00005292   defined in Debug\main.o
_TIM3_CCR2              00005293   defined in Debug\main.o
_TIM3_CCR2H             00005293   defined in Debug\main.o
_TIM3_CCR2L             00005294   defined in Debug\main.o
_TIM3_CNTR              0000528c   defined in Debug\main.o
_TIM3_CNTRH             0000528c   defined in Debug\main.o
_TIM3_CNTRL             0000528d   defined in Debug\main.o
_TIM3_CR1               00005280   defined in Debug\main.o
_TIM3_CR2               00005281   defined in Debug\main.o
_TIM3_DER               00005284   defined in Debug\main.o
_TIM3_EGR               00005288   defined in Debug\main.o
_TIM3_ETR               00005283   defined in Debug\main.o
_TIM3_IER               00005285   defined in Debug\main.o
_TIM3_OISR              00005296   defined in Debug\main.o
_TIM3_PSCR              0000528e   defined in Debug\main.o
_TIM3_SMCR              00005282   defined in Debug\main.o
_TIM3_SR1               00005286   defined in Debug\main.o
_TIM3_SR2               00005287   defined in Debug\main.o
_TIM4_ARR               000052e9   defined in Debug\main.o
_TIM4_CNTR              000052e7   defined in Debug\main.o
_TIM4_CR1               000052e0   defined in Debug\main.o
_TIM4_CR2               000052e1   defined in Debug\main.o
_TIM4_DER               000052e3   defined in Debug\main.o
_TIM4_EGR               000052e6   defined in Debug\main.o
_TIM4_IER               000052e4   defined in Debug\main.o
_TIM4_PSCR              000052e8   defined in Debug\main.o
_TIM4_SMCR              000052e2   defined in Debug\main.o
_TIM4_SR1               000052e5   defined in Debug\main.o
_UART_INIT              0000815f   defined in Debug\main.o section .text
_USART1_BRR1            00005232   defined in Debug\main.o
_USART1_BRR2            00005233   defined in Debug\main.o
_USART1_CR1             00005234   defined in Debug\main.o
_USART1_CR2             00005235   defined in Debug\main.o
_USART1_CR3             00005236   defined in Debug\main.o
_USART1_CR4             00005237   defined in Debug\main.o
_USART1_CR5             00005238   defined in Debug\main.o
_USART1_DR              00005231   defined in Debug\main.o
_USART1_GTR             00005239   defined in Debug\main.o
_USART1_PSCR            0000523a   defined in Debug\main.o
_USART1_SR              00005230   defined in Debug\main.o
_WFE_CR1                000050a6   defined in Debug\main.o
_WFE_CR2                000050a7   defined in Debug\main.o
_WFE_CR3                000050a8   defined in Debug\main.o
_WFE_CR4                000050a9   defined in Debug\main.o
_WWDG_CR                000050d3   defined in Debug\main.o
_WWDG_WR                000050d4   defined in Debug\main.o
__endmem                000001ff   defined in command file
                                   *** not used ***
__endzp                 0000000a   defined in command file section .ubsct
                                   used in C:\Program Files (x86)\COSMIC\CXSTM8_EVAL\Lib\crtsi0.sm8
__idesc__               00008084   defined in linker section .init
                                   used in C:\Program Files (x86)\COSMIC\CXSTM8_EVAL\Lib\crtsi0.sm8
__memory                00000100   defined in command file section .bss
                                   used in C:\Program Files (x86)\COSMIC\CXSTM8_EVAL\Lib\crtsi0.sm8
__stack                 000003ff   defined in command file
                                   used in C:\Program Files (x86)\COSMIC\CXSTM8_EVAL\Lib\crtsi0.sm8
__startmem              00000100   defined in command file section .bss
                                   *** not used ***
__stext                 00008087   defined in C:\Program Files (x86)\COSMIC\CXSTM8_EVAL\Lib\crtsi0.sm8 section .text
                                   used in Debug\stm8_interrupt_vector.o
__vectab                00008000   defined in Debug\stm8_interrupt_vector.o section .const
_exit                   000080d0   defined in C:\Program Files (x86)\COSMIC\CXSTM8_EVAL\Lib\crtsi0.sm8 section .text
_main                   00008110   defined in Debug\main.o section .text
                                   used in C:\Program Files (x86)\COSMIC\CXSTM8_EVAL\Lib\crtsi0.sm8
_sendChar               000080d2   defined in Debug\main.o section .text
_strlen                 000081cb   defined in (C:\Program Files (x86)\COSMIC\CXSTM8_EVAL\Lib\libis0.sm8)strlen0.o section .text
                                   used in Debug\main.o
_uart_write             000080e1   defined in Debug\main.o section .text
c_lcmp                  000081d7   defined in (C:\Program Files (x86)\COSMIC\CXSTM8_EVAL\Lib\libm0.sm8)lcmp.o section .text
                                   used in Debug\main.o
c_lgadc                 000081f7   defined in (C:\Program Files (x86)\COSMIC\CXSTM8_EVAL\Lib\libm0.sm8)lgadc.o section .text
                                   used in Debug\main.o
c_lgsbc                 00008207   defined in (C:\Program Files (x86)\COSMIC\CXSTM8_EVAL\Lib\libm0.sm8)lgsbc.o section .text
                                   used in Debug\main.o
c_lreg                  00000000   defined in (C:\Program Files (x86)\COSMIC\CXSTM8_EVAL\Lib\libm0.sm8)lreg.o section .ubsct
                                   used in (C:\Program Files (x86)\COSMIC\CXSTM8_EVAL\Lib\libm0.sm8)lcmp.o
                                           (C:\Program Files (x86)\COSMIC\CXSTM8_EVAL\Lib\libm0.sm8)ltor.o
c_ltor                  0000821d   defined in (C:\Program Files (x86)\COSMIC\CXSTM8_EVAL\Lib\libm0.sm8)ltor.o section .text
                                   used in Debug\main.o
c_lzmp                  0000822f   defined in (C:\Program Files (x86)\COSMIC\CXSTM8_EVAL\Lib\libm0.sm8)lzmp.o section .text
                                   used in Debug\main.o
c_x                     00000004   defined in (C:\Program Files (x86)\COSMIC\CXSTM8_EVAL\Lib\libm0.sm8)xreg.o section .ubsct
                                   used in C:\Program Files (x86)\COSMIC\CXSTM8_EVAL\Lib\crtsi0.sm8
                                           (C:\Program Files (x86)\COSMIC\CXSTM8_EVAL\Lib\libis0.sm8)strlen0.o
c_y                     00000007   defined in (C:\Program Files (x86)\COSMIC\CXSTM8_EVAL\Lib\libm0.sm8)yreg.o section .ubsct
                                   used in C:\Program Files (x86)\COSMIC\CXSTM8_EVAL\Lib\crtsi0.sm8
                                           Debug\main.o
f_NonHandledInterrupt   00008242   defined in Debug\stm8_interrupt_vector.o section .text
